I'm sorry, but errors were detected in your script. Please correct the
errors listed below, and try again.


File "game/script.rpy", line 26: end of line expected.
    label school:e
                 ^

Ren'Py Version: Ren'Py 7.0.0.196
Tue Sep 11 15:39:10 2018
